[www.usfoods.com/index.html]
[backblue.gif]
[fade.gif]
[index.html]
[www.usfoods.com/etc.clientlibs/usfoods-dce/clientlibs/clientlib-site/source/fonts/dce-icons/resources/dce-icons.ttf]
[www.usfoods.com/etc.clientlibs/foundation/clientlibs/main.min.cd338c6cc648fa4aec397b735c0c33a7.css]
[www.usfoods.com/etc.clientlibs/clientlibs/granite/jquery.min.e8b3debede90df40df8881108ba067d8.js]
[www.usfoods.com/etc.clientlibs/clientlibs/granite/utils.min.4a192b590a2c2926fb000264370c0588.js]
[www.usfoods.com/etc.clientlibs/clientlibs/granite/jquery/granite.min.543d214c88dfa6f4a3233b630c82d875.js]
[www.usfoods.com/etc.clientlibs/foundation/clientlibs/jquery.min.dd9b395c741ce2784096e26619e14910.js]
[www.usfoods.com/etc.clientlibs/foundation/clientlibs/shared.min.9f3716b2c473fd53ab31b1caa53131a8.js]
[www.usfoods.com/etc.clientlibs/foundation/clientlibs/main.min.a6faafbeed24f5d40aaf367c778753ab.js]
[www.usfoods.com/etc/cloudsettings.kernel.js/conf/usfoods/settings/cloudsettings/default/contexthub]
[www.usfoods.com/etc.clientlibs/usfoods-base/clientlibs/libs/main.min.63ad48794a2045f1ce11e3ec1678d344.css]
[www.usfoods.com/etc.clientlibs/settings/wcm/designs/usfoods-dce/clientlib-all.min.62e807accc518fe1d53d8662c1c3da1e.css]
[www.usfoods.com/content/usfoods-dce/favicon.ico]
[assets.adobedtm.com/c46e8e7e5a22/a8d4c28f0ce8/launch-98afefb40143.min.js]
[cdn.cookielaw.org/scripttemplates/otSDKStub.js]
[www.usfoods.com/content/dam/dce/images/general/new_usf_logo_0914.png]
[www.usfoods.com/become-a-customer.html]
[www.usfoods.com/our-services/easy-ordering/mobile-apps.html]
[www.usfoods.com/great-food.html]
[www.usfoods.com/our-services.html]
[www.usfoods.com/why-us-foods.html]
[www.usfoods.com/about-us-foods/coronavirus-covid-19-resources.html]
[www.usfoods.com/about-us-foods.html]
[www.usfoods.com/careers.html]
[www.usfoods.com/locations.html]
[www.usfoods.com/favorites.html]
[www.usfoods.com/signin.html]
[www.usfoods.com/content/usfoods-dce/en/_jcr_content/page-header-par/page_header/image.img.png/1565916858422.png]
[www.usfoods.com/_jcr_content/global-component-properties/printHeaderImage.img.jpg/1649083234964.jpg]
[www.usfoods.com/great-food/featured-products.html]
[www.usfoods.com/great-food/recipes.html]
[www.usfoods.com/content/usfoods-dce/en/jcr_content/slideshow-container/slider-container/slide-1/image.transform.png/home-page-slides/image.1663192176094.png]
[www.usfoods.com/etc.clientlibs/wcm/foundation/clientlibs/accessibility.min.7f64d7918e126c44b6d7cafa10b85ef1.css]
[www.usfoods.com/our-services/easy-ordering.html]
[www.usfoods.com/content/usfoods-dce/en/jcr_content/slideshow-container/slider-container/slide-1/mobileImage.transform.png/home-page-slides-mobile/image.1662476383205.png]
[www.usfoods.com/content/usfoods-dce/en/jcr_content/slideshow-container/slider-container/slide-2/image.transform.jpg/home-page-slides/image.1662476289497.jpg]
[www.usfoods.com/why-us-foods/our-people.html]
[www.usfoods.com/content/usfoods-dce/en/jcr_content/slideshow-container/slider-container/slide-2/mobileImage.transform.jpg/home-page-slides-mobile/image.1662476289497.jpg]
[www.usfoods.com/content/usfoods-dce/en/jcr_content/slideshow-container/slider-container/slide-3/image.transform.jpg/home-page-slides/image.1652723798521.jpg]
[www.usfoods.com/content/usfoods-dce/en/jcr_content/slideshow-container/slider-container/slide-3/mobileImage.transform.jpg/home-page-slides-mobile/image.1652723798521.jpg]
[www.usfoods.com/content/usfoods-dce/en/jcr_content/slideshow-container/slider-container/slide-4/image.transform.jpg/home-page-slides/image.1652723798919.jpg]
[www.usfoods.com/content/usfoods-dce/en/jcr_content/slideshow-container/slider-container/slide-4/mobileImage.transform.jpg/home-page-slides-mobile/image.1652723798919.jpg]
[www.usfoods.com/sign-up-now.html]
[www.usfoods.com/supplier-info.html]
[www.usfoods.com/content/dam/usf/EC/documents/privacypolicy.html]
[www.usfoods.com/content/dam/usf/EC/documents/termsofuse.html]
[www.usfoods.com/etc.clientlibs/usfoods-base/clientlibs/libs/external/brightcove.min.a36d1de872f089d7c331fbc763b73d99.js]
[www.usfoods.com/etc.clientlibs/usfoods-base/clientlibs/libs/main.min.79275ad9e585d208d5555a6b99d36cca.js]
[www.usfoods.com/etc.clientlibs/usfoods-base/clientlibs/libs/_last.min.3ecd8c0f3378ed6a9e66e3d760c7ecdd.js]
[www.usfoods.com/index.html]
[www.usfoods.com/etc.clientlibs/usfoods-dce/clientlibs/clientlib-site/source/fonts/dce-icons/resources/dce-icons.html]
[www.usfoods.com/etc.clientlibs/settings/wcm/designs/usfoods-dce/clientlib-all.min.bd73d722a704dd454cfdbcf3175ba4a7.js]
[www.usfoods.com/etc/designs/default/images/icons/default.gif]
[www.usfoods.com/etc/designs/default/images/icons/doc.gif]
[www.usfoods.com/etc/designs/default/images/icons/eps.gif]
[www.usfoods.com/etc/designs/default/images/icons/zip.gif]
[www.usfoods.com/etc/designs/default/images/icons/jpg.gif]
[www.usfoods.com/etc/designs/default/images/icons/pdf.gif]
[www.usfoods.com/etc/designs/default/images/icons/ppt.gif]
[www.usfoods.com/etc/designs/default/images/icons/tif.gif]
[www.usfoods.com/etc/designs/default/images/icons/txt.gif]
[www.usfoods.com/etc/designs/default/images/icons/xls.gif]
[www.usfoods.com/etc/designs/default/images/carousel/controls.png]
[www.usfoods.com/etc/designs/default/images/carousel/switcher.png]
[www.usfoods.com/etc/designs/default/images/input_box.gif]
[www.usfoods.com/etc/designs/default/images/sign_up_btn.gif]
[www.usfoods.com/etc/designs/default/images/social/fieldbg.gif]
[www.usfoods.com/etc.clientlibs/foundation/clientlibs/main.min.cd338c6cc648fa4aec397b735c0c33a7.css]
[www.usfoods.com/etc.clientlibs/usfoods-base/clientlibs/libs/external/jqueryUI/css/images/ui-icons_444444_256x240.png]
[www.usfoods.com/etc.clientlibs/usfoods-base/clientlibs/libs/external/jqueryUI/css/images/ui-icons_777777_256x240.png]
[www.usfoods.com/etc.clientlibs/usfoods-base/clientlibs/libs/external/jqueryUI/css/images/ui-icons_555555_256x240.png]
[www.usfoods.com/etc.clientlibs/usfoods-base/clientlibs/libs/external/jqueryUI/css/images/ui-icons_ffffff_256x240.png]
[www.usfoods.com/etc.clientlibs/usfoods-base/clientlibs/libs/external/jqueryUI/css/images/ui-icons_777620_256x240.png]
[www.usfoods.com/etc.clientlibs/usfoods-base/clientlibs/libs/external/jqueryUI/css/images/ui-icons_cc0000_256x240.png]
[www.usfoods.com/etc.clientlibs/usfoods-base/clientlibs/libs/external/slick/less/ajax-loader.gif]
[www.usfoods.com/etc.clientlibs/usfoods-base/clientlibs/libs/external/slick/less/fonts/slick.eot]
[www.usfoods.com/etc.clientlibs/usfoods-base/clientlibs/libs/external/slick/less/fonts/slick.woff]
[www.usfoods.com/etc.clientlibs/usfoods-base/clientlibs/libs/external/slick/less/fonts/slick.ttf]
[www.usfoods.com/etc.clientlibs/usfoods-base/clientlibs/libs/external/slick/less/fonts/slick.svg]
[www.usfoods.com/etc.clientlibs/usfoods-base/clientlibs/libs/external/font-awesome/resources/fontawesome-webfont.eot]
[www.usfoods.com/etc.clientlibs/usfoods-base/clientlibs/libs/external/font-awesome/resources/fontawesome-webfont.woff2]
[www.usfoods.com/etc.clientlibs/usfoods-base/clientlibs/libs/external/font-awesome/resources/fontawesome-webfont.woff]
[www.usfoods.com/etc.clientlibs/usfoods-base/clientlibs/libs/external/font-awesome/resources/fontawesome-webfont.ttf]
[www.usfoods.com/etc.clientlibs/usfoods-base/clientlibs/libs/main.min.63ad48794a2045f1ce11e3ec1678d344.css]
[www.usfoods.com/etc.clientlibs/usfoods-base/clientlibs/libs/external/font-awesome/resources/fontawesome-webfont.svg]
[www.usfoods.com/content/dam/dce/images/ratings-and-reviews/outline-star.png]
[www.usfoods.com/content/dam/dce/images/ratings-and-reviews/filled-star.png]
[www.usfoods.com/etc.clientlibs/settings/wcm/designs/usfoods-dce/clientlib-site/source/resources/dce-icons.eot]
[www.usfoods.com/etc.clientlibs/settings/wcm/designs/usfoods-dce/clientlib-site/source/resources/dce-icons.ttf]
[www.usfoods.com/etc.clientlibs/settings/wcm/designs/usfoods-dce/clientlib-site/source/resources/dce-icons.woff]
[www.usfoods.com/etc.clientlibs/settings/wcm/designs/usfoods-dce/clientlib-all.min.62e807accc518fe1d53d8662c1c3da1e.css]
[www.usfoods.com/etc.clientlibs/settings/wcm/designs/usfoods-dce/clientlib-site/source/resources/dce-icons.svg]
[www.usfoods.com/get.html]
[www.usfoods.com/helpers/getObjectProperty.js]
[snap.licdn.com/li.lms-analytics/insight.min.js]
[connect.facebook.net/en_US/fbevents.js]
[assets.adobedtm.com/c46e8e7e5a22/a8d4c28f0ce8/launch-98afefb40143.min.js]
[www.googletagmanager.com/gtm5445.html]
[bat.bing.com/bat.js]
[www.usfoods.com/content/usfoods-dce/en/become-a-customer/jcr_content/flexible-form-navigation-par/form-navigation__0/image.img.jpg/1649267507991.jpg]
[www.usfoods.com/content/usfoods-dce/en/become-a-customer/_jcr_content/flexible-form-navigation-par/form-navigation__0/topImage.img.png/1651633396923.png]
[www.usfoods.com/'https_/www3.usfoods.com/order'.html]
[www.usfoods.com/become-a-customer.html]
[www.usfoods.com/our-services/check.html]
[www.usfoods.com/our-services/ghost-kitchens.html]
[www.usfoods.com/our-services/menu-design.html]
[www.usfoods.com/our-services/business-trends.html]
[www.usfoods.com/our-services/operator-solutions.html]
[www.usfoods.com/our-services/easy-ordering/mobile-apps.html]
[www.usfoods.com/great-food/food-fanatics.html]
[www.usfoods.com/great-food/scoop-.html]
[www.usfoods.com/great-food/food-trends.html]
[www.usfoods.com/great-food/great-food-resources.html]
[www.usfoods.com/great-food/culinary-equipment-supplies.html]
[www.usfoods.com/great-food/cross-valley-farms.html]
[www.usfoods.com/content/usfoods-dce/en/great-food/jcr_content/main-par/responsivegrid/multimedia_feature/video/posterImage.img.png/1658852002540.png]
[www.usfoods.com/content/usfoods-dce/en/great-food/jcr_content/main-par/responsivegrid/grid_container/lede-tile-1/image.transform.jpg/featured-lede-tile/image.1659552626964.jpg]
[www.usfoods.com/content/usfoods-dce/en/great-food/jcr_content/main-par/responsivegrid/grid_container/lede-tile-2/image.transform.jpg/featured-lede-tile/image.1659985175707.jpg]
[www.usfoods.com/content/usfoods-dce/en/great-food/jcr_content/main-par/responsivegrid/grid_container/lede-tile-3/image.transform.jpg/featured-lede-tile/image.1659552783527.jpg]
[www.usfoods.com/content/usfoods-dce/en/great-food/cross-valley-farms/jcr_content/pageImage.transform.jpg/featured-lede-tile/image.1657654677762.jpg]
[www.usfoods.com/why-us-foods/tender-by-design.html]
[www.usfoods.com/content/usfoods-dce/en/great-food/jcr_content/main-par/responsivegrid/grid_container/lede-tile-5/image.transform.png/featured-lede-tile/image.1659554094572.png]
[www.usfoods.com/content/usfoods-dce/en/great-food/recipes/jcr_content/pageImage.transform.jpg/lede-tile/image.1510519341089.jpg]
[www.usfoods.com/content/usfoods-dce/en/why-us-foods/jcr_content/pageImage.transform.jpg/lede-tile/image.1512770079880.jpg]
[www.usfoods.com/our-services/business-trends/fight-back-against-inflation.html]
[www.usfoods.com/content/usfoods-dce/en/great-food/jcr_content/grid-container/lede-tile-2/image.transform.jpg/featured-lede-tile/image.1659985843222.jpg]
[www.usfoods.com/content/usfoods-dce/en/our-services/jcr_content/hero/image.transform.jpg/lede-tile/image.1509503268051.jpg]
[www.usfoods.com/content/usfoods-dce/en/jcr_content/shared-component-properties/usfoods-base/components/content/customer-promo/inspireImage.transform.jpg/customer-promo/image.1579794838148.jpg]
[www.usfoods.com/great-food.html]
[www.usfoods.com/our-services/check/reduce-waste/next-generation-pos.html]
[www.usfoods.com/content/usfoods-dce/en/our-services/check/reduce-waste/next-generation-pos/jcr_content/pageImage.transform.jpg/lede-tile/image.1644949916720.jpg]
[www.usfoods.com/our-services/check/restaurant-marketing/food-ordering-system.html]
[www.usfoods.com/content/usfoods-dce/en/our-services/check/restaurant-marketing/food-ordering-system/jcr_content/pageImage.transform.jpg/lede-tile/image.1644951204164.jpg]
[www.usfoods.com/content/usfoods-dce/en/our-services/menu-design/jcr_content/pageImage.transform.jpg/lede-tile/image.1608167470088.jpg]
[www.usfoods.com/our-services/check/reduce-waste/menu-profitability.html]
[www.usfoods.com/content/usfoods-dce/en/our-services/check/reduce-waste/menu-profitability/jcr_content/pageImage.transform.jpg/lede-tile/image.1514932122265.jpg]
[www.usfoods.com/our-services/check/restaurant-marketing/website-design.html]
[www.usfoods.com/content/usfoods-dce/en/our-services/check/restaurant-marketing/website-design/jcr_content/pageImage.transform.jpg/lede-tile/image.1549918843144.jpg]
[www.usfoods.com/our-services/check/simplify-your-staff/restaurant-scheduling-software.html]
[www.usfoods.com/content/usfoods-dce/en/our-services/check/simplify-your-staff/restaurant-scheduling-software/jcr_content/pageImage.transform.jpg/lede-tile/image.1516997129295.jpg]
[www.usfoods.com/our-services/business-trends/farmers-report.html]
[www.usfoods.com/content/usfoods-dce/en/our-services/jcr_content/grid-container/lede-tile-5/image.transform.jpg/featured-lede-tile/image.1666974307348.jpg]
[www.usfoods.com/content/usfoods-dce/en/our-services/easy-ordering/jcr_content/pageImage.transform.jpg/lede-tile/image.1510461871980.jpg]
[www.usfoods.com/our-services/business-trends/5-easy-ways-to-go-contactless.html]
[www.usfoods.com/content/usfoods-dce/en/our-services/business-trends/5-easy-ways-to-go-contactless/jcr_content/pageImage.transform.jpg/lede-tile/image.1595621672582.jpg]
[www.usfoods.com/content/usfoods-dce/en/about-us-foods/coronavirus-covid-19-resources/restaurant-operations-consultants/jcr_content/pageImage.transform.jpg/lede-tile/image.1586791504795.jpg]
[www.usfoods.com/content/usfoods-dce/en/jcr_content/shared-component-properties/usfoods-base/components/content/customer-promo/attractImage.transform.jpg/customer-promo/image.1579794838148.jpg]
[www.usfoods.com/our-services.html]
[www.usfoods.com/why-us-foods/our-promise.html]
[www.usfoods.com/about-us-foods/our-brands.html]
[www.usfoods.com/why-us-foods/our-programs.html]
[www.usfoods.com/why-us-foods/local-sustainable-wellbeing.html]
[www.usfoods.com/why-us-foods/chef-store.html]
[www.usfoods.com/content/usfoods-dce/en/great-food/scoop-/jcr_content/pageImage.transform.jpg/lede-tile/image.1582580253334.jpg]
[www.usfoods.com/content/usfoods-dce/en/great-food/food-fanatics/jcr_content/pageImage.transform.jpg/lede-tile/image.1527870098642.jpg]
[www.usfoods.com/content/usfoods-dce/en/why-us-foods/chef-store/jcr_content/pageImage.transform.jpg/lede-tile/image.1614611534658.jpg]
[www.usfoods.com/content/usfoods-dce/en/why-us-foods/jcr_content/grid-container/lede-tile-5/image.transform.jpg/featured-lede-tile/image.1570821829752.jpg]
[www.usfoods.com/why-us-foods/our-programs/talk-shop-live.html]
[www.usfoods.com/content/usfoods-dce/en/why-us-foods/our-programs/talk-shop-live/jcr_content/pageImage.transform.jpg/lede-tile/image.1562014162737.jpg]
[www.usfoods.com/content/usfoods-dce/en/about-us-foods/our-brands/jcr_content/pageImage.transform.jpg/lede-tile/image.1510528030555.jpg]
[www.usfoods.com/content/usfoods-dce/en/why-us-foods/tender-by-design/jcr_content/pageImage.transform.png/lede-tile/image.1619543925392.png]
[www.usfoods.com/why-us-foods/our-programs/stock-yards.html]
[www.usfoods.com/content/usfoods-dce/en/why-us-foods/jcr_content/grid-container/lede-tile-9/image.transform.jpg/featured-lede-tile/image.1542317464910.jpg]
[www.usfoods.com/content/usfoods-dce/en/jcr_content/shared-component-properties/usfoods-base/components/content/customer-promo/optimizeImage.transform.jpg/customer-promo/image.1579794838148.jpg]
[www.usfoods.com/why-us-foods.html]
[www.usfoods.com/about-us-foods/us-foods-code-of-conduct.html]
[www.usfoods.com/about-us-foods/corporate-social-responsibility.html]
[www.usfoods.com/about-us-foods/diversity-and-inclusion.html]
[www.usfoods.com/about-us-foods/us-foods-scholars.html]
[www.usfoods.com/content/dam/usf/images/general/resourcebanner-1140x428.jpg]
[www.usfoods.com/about-us-foods/coronavirus-covid-19-resources/us-foods-webinars.html]
[www.usfoods.com/great-food/food-trends/top-food-and-restaurant-trends-in-2022.html]
[www.usfoods.com/content/dam/usf/images/banners/DIG-20220221-14088841.jpg]
[www.usfoods.com/content/dam/dce/images/about-us/make-it-now/webinars/april-web1.png]
[www.usfoods.com/content/dam/dce/images/about-us/make-it-now/webinars/april-web2.png]
[www.usfoods.com/content/dam/dce/images/about-us/make-it-now/webinars/webinar1.png]
[www.usfoods.com/content/dam/dce/images/about-us/make-it-now/webinars/webinar2.png]
[www.usfoods.com/content/dam/products/scoop/10750947015823_C1CF_5690050.jpg]
[www.usfoods.com/great-food/scoop-/add-new-products-add-no-labor.html]
[www.usfoods.com/content/dam/dce/images/great-food/produce/veggie-blend.jpg]
[www.usfoods.com/great-food/great-food-resources/prep-saving-produce-calculator.html]
[www.usfoods.com/about-us-foods/coronavirus-covid-19-resources/cares-act-ppp-and-staffing-resources.html]
[www.usfoods.com/about-us-foods/coronavirus-covid-19-resources/limited-time-offers--lto----seasonal-deals.html]
[www.usfoods.com/content/dam/dce/images/about-us/make-it-now/shutterstock_1276555888.jpg]
[www.usfoods.com/our-services/business-trends/let-food-holidays-work-for-you.html]
[www.usfoods.com/content/dam/dce/images/about-us/about-us/food-holidays.jpg]
[www.usfoods.com/our-services/business-trends/heed-this.html]
[www.usfoods.com/content/dam/dce/images/your-business/business-trends/fall-2021/12-heed-this/heed-this_800px.jpg]
[www.usfoods.com/about-us-foods/coronavirus-covid-19-resources.html]
[www.usfoods.com/about-us-foods.html]
[www.usfoods.com/great-food/food-trends/a-guide-to-great-outdoor-dining.html]
[www.usfoods.com/careers.html]
[www.usfoods.com/locations.html]
[www.usfoods.com/favorites.html]
[www.usfoods.com/signin.html]
[www.usfoods.com/great-food/featured-products.html]
[www.usfoods.com/great-food/recipes.html]
[www.usfoods.com/etc.clientlibs/wcm/foundation/clientlibs/accessibility.min.7f64d7918e126c44b6d7cafa10b85ef1.css]
[www.usfoods.com/our-services/easy-ordering.html]
[www.usfoods.com/why-us-foods/our-people.html]
[www.usfoods.com/sign-up-now.html]
[www.usfoods.com/supplier-info.html]
[www.usfoods.com/content/dam/usf/EC/documents/privacypolicy.html]
[www.usfoods.com/content/dam/usf/EC/documents/termsofuse.html]
[www.usfoods.com/etc/designs/default/images/icons/default.html]
[www.usfoods.com/etc/designs/default/images/icons/doc.html]
[www.usfoods.com/etc/designs/default/images/icons/eps.html]
[www.usfoods.com/etc/designs/default/images/icons/zip.html]
[www.usfoods.com/etc/designs/default/images/icons/jpg.html]
[www.usfoods.com/etc/designs/default/images/icons/pdf.html]
[www.usfoods.com/etc/designs/default/images/icons/ppt.html]
[www.usfoods.com/etc/designs/default/images/icons/tif.html]
[www.usfoods.com/etc/designs/default/images/icons/txt.html]
[www.usfoods.com/etc/designs/default/images/icons/xls.html]
[www.usfoods.com/etc/designs/default/images/carousel/controls.html]
[www.usfoods.com/etc/designs/default/images/carousel/switcher.html]
[www.usfoods.com/etc/designs/default/images/input_box.html]
[www.usfoods.com/etc/designs/default/images/sign_up_btn.html]
[www.usfoods.com/etc/designs/default/images/social/fieldbg.html]
[www.usfoods.com/etc.clientlibs/usfoods-base/clientlibs/libs/external/jqueryUI/css/images/ui-icons_444444_256x240.html]
[www.usfoods.com/etc.clientlibs/usfoods-base/clientlibs/libs/external/jqueryUI/css/images/ui-icons_777777_256x240.html]
[www.usfoods.com/etc.clientlibs/usfoods-base/clientlibs/libs/external/jqueryUI/css/images/ui-icons_555555_256x240.html]
[www.usfoods.com/etc.clientlibs/usfoods-base/clientlibs/libs/external/jqueryUI/css/images/ui-icons_ffffff_256x240.html]
[www.usfoods.com/etc.clientlibs/usfoods-base/clientlibs/libs/external/jqueryUI/css/images/ui-icons_777620_256x240.html]
[www.usfoods.com/etc.clientlibs/usfoods-base/clientlibs/libs/external/jqueryUI/css/images/ui-icons_cc0000_256x240.html]
[www.usfoods.com/etc.clientlibs/usfoods-base/clientlibs/libs/external/slick/less/ajax-loader.html]
[www.usfoods.com/etc.clientlibs/usfoods-base/clientlibs/libs/external/slick/less/fonts/slick.html]
[www.usfoods.com/etc.clientlibs/usfoods-base/clientlibs/libs/external/slick/less/fonts/slick-2.html]
[www.usfoods.com/etc.clientlibs/usfoods-base/clientlibs/libs/external/slick/less/fonts/slick-3.html]
[www.usfoods.com/etc.clientlibs/usfoods-base/clientlibs/libs/external/slick/less/fonts/slick-4.html]
[www.usfoods.com/etc.clientlibs/usfoods-base/clientlibs/libs/external/font-awesome/resources/fontawesome-webfont.svg]
[www.usfoods.com/etc.clientlibs/settings/wcm/designs/usfoods-dce/clientlib-site/source/resources/dce-icons.svg]
[www.usfoods.com/Trident/index.html]
[www.usfoods.com/get.html]
[www.usfoods.com/helpers/getObjectProperty.html]
[snap.licdn.com/li.lms-analytics/insight.min.js]
[connect.facebook.net/en_US/fbevents.js]
[www.usfoods.com/'https_/www3.usfoods.com/order'.html]
[www.usfoods.com/our-services/check.html]
[www.usfoods.com/our-services/ghost-kitchens.html]
[www.usfoods.com/our-services/menu-design.html]
[www.usfoods.com/our-services/business-trends.html]
[www.usfoods.com/our-services/operator-solutions.html]
[www.usfoods.com/great-food/food-fanatics.html]
[www.usfoods.com/great-food/scoop-.html]
[www.usfoods.com/great-food/food-trends.html]
[www.usfoods.com/great-food/great-food-resources.html]
[www.usfoods.com/great-food/culinary-equipment-supplies.html]
[www.usfoods.com/great-food/cross-valley-farms.html]
[www.usfoods.com/why-us-foods/tender-by-design.html]
[www.usfoods.com/our-services/business-trends/fight-back-against-inflation.html]
[www.usfoods.com/our-services/check/reduce-waste/next-generation-pos.html]
[www.usfoods.com/our-services/check/restaurant-marketing/food-ordering-system.html]
[www.usfoods.com/our-services/check/reduce-waste/menu-profitability.html]
[www.usfoods.com/our-services/check/restaurant-marketing/website-design.html]
